// Jest Snapshot v1, https://goo.gl/fbAQLP

exports[`renders correctly 1`] = `
<Text
  testID="test_text_RequestCamera"
>
  Requesting for camera permission
</Text>
`;
