// Jest Snapshot v1, https://goo.gl/fbAQLP

exports[`<Offers /> renders correctly 1`] = `
<View
  style={
    Object {
      "backgroundColor": "#E8E8E8",
      "flex": 1,
    }
  }
  testID="test_view_container"
>
  <Text
    style={
      Object {
        "color": "#ba473c",
        "fontSize": 40,
        "fontWeight": "bold",
        "paddingBottom": 5,
        "paddingLeft": 15,
        "paddingTop": 5,
      }
    }
    testID="test_text_title"
  >
    Mes offres
  </Text>
  <RCTScrollView
    disableVirtualization={false}
    getItem={[Function]}
    getItemCount={[Function]}
    horizontal={false}
    initialNumToRender={10}
    keyExtractor={[Function]}
    maxToRenderPerBatch={10}
    onContentSizeChange={[Function]}
    onEndReachedThreshold={2}
    onLayout={[Function]}
    onMomentumScrollEnd={[Function]}
    onRefresh={[Function]}
    onScroll={[Function]}
    onScrollBeginDrag={[Function]}
    onScrollEndDrag={[Function]}
    refreshControl={
      <RefreshControlMock
        onRefresh={[Function]}
        refreshing={false}
      />
    }
    refreshing={false}
    removeClippedSubviews={false}
    renderItem={[Function]}
    scrollEventThrottle={50}
    stickyHeaderIndices={Array []}
    updateCellsBatchingPeriod={50}
    viewabilityConfigCallbackPairs={Array []}
    windowSize={21}
  >
    <RCTRefreshControl />
    <View />
  </RCTScrollView>
</View>
`;

exports[`<Offers /> renders default elements and styles: test Container View style 1`] = `
Object {
  "backgroundColor": "#E8E8E8",
  "flex": 1,
}
`;

exports[`<Offers /> renders default elements and styles: test Title Text style 1`] = `
Object {
  "color": "#ba473c",
  "fontSize": 40,
  "fontWeight": "bold",
  "paddingBottom": 5,
  "paddingLeft": 15,
  "paddingTop": 5,
}
`;
